// Jest Snapshot v1, https://goo.gl/fbAQLP

exports[`matches snapshot 1`] = `
<DocumentFragment>
  <div>
    <h3>
       Todo List
    </h3>
    <form>
      <label
        for="task"
      >
        Task:
      </label>
      <input
        id="task"
        name="task"
        type="text"
        value=""
      />
      <button>
        Add Todo
      </button>
    </form>
    <div>
      <div>
        <ul>
          <li>
             Feed puppies
          </li>
          <button>
            X
          </button>
        </ul>
      </div>
      <div>
        <ul>
          <li>
             Make a dinner
          </li>
          <button>
            X
          </button>
        </ul>
      </div>
    </div>
  </div>
</DocumentFragment>
`;
